// Jest Snapshot v1, https://goo.gl/fbAQLP

exports[`App Shows Hello World initially 1`] = `
<div>
  Hello World!!
</div>
`;
